// Jest Snapshot v1, https://goo.gl/fbAQLP

exports[`SubmissionPackageList component test Should render correctly 1`] = `
<div
  className="css-xn17ji-BasePage"
>
  <p
    className="MuiTypography-root MuiTypography-body1 css-177n4ga-MuiTypography-root-BaseText"
  >
    Submission Package List
  </p>
  <div
    className="css-soo0gy-SubmissionPackageListHeader"
  >
    <div>
      <button
        className="MuiButton-root MuiButton-contained MuiButton-containedPrimary MuiButton-sizeMedium MuiButton-containedSizeMedium MuiButton-disableElevation MuiButtonBase-root css-15zbhfz-MuiButtonBase-root-MuiButton-root-AppButton"
        disabled={false}
        onBlur={[Function]}
        onClick={[Function]}
        onContextMenu={[Function]}
        onDragLeave={[Function]}
        onFocus={[Function]}
        onKeyDown={[Function]}
        onKeyUp={[Function]}
        onMouseDown={[Function]}
        onMouseLeave={[Function]}
        onMouseUp={[Function]}
        onTouchEnd={[Function]}
        onTouchMove={[Function]}
        onTouchStart={[Function]}
        tabIndex={0}
        type="button"
      >
        <p
          className="MuiTypography-root MuiTypography-body1 css-3cwtjx-MuiTypography-root-BaseText"
        >
          Create submission package
        </p>
      </button>
      <button
        className="MuiButton-root MuiButton-text MuiButton-textPrimary MuiButton-sizeMedium MuiButton-textSizeMedium MuiButton-disableElevation MuiButtonBase-root css-13a7vru-MuiButtonBase-root-MuiButton-root-AppButton"
        disabled={false}
        onBlur={[Function]}
        onClick={[Function]}
        onContextMenu={[Function]}
        onDragLeave={[Function]}
        onFocus={[Function]}
        onKeyDown={[Function]}
        onKeyUp={[Function]}
        onMouseDown={[Function]}
        onMouseLeave={[Function]}
        onMouseUp={[Function]}
        onTouchEnd={[Function]}
        onTouchMove={[Function]}
        onTouchStart={[Function]}
        tabIndex={0}
        type="button"
      >
        <p
          className="MuiTypography-root MuiTypography-body1 css-3cwtjx-MuiTypography-root-BaseText"
        >
          Terms & Conditions
        </p>
      </button>
      <button
        className="MuiButton-root MuiButton-text MuiButton-textPrimary MuiButton-sizeMedium MuiButton-textSizeMedium MuiButton-disableElevation MuiButtonBase-root css-1coqdjr-MuiButtonBase-root-MuiButton-root-AppButton"
        disabled={false}
        onBlur={[Function]}
        onClick={[Function]}
        onContextMenu={[Function]}
        onDragLeave={[Function]}
        onFocus={[Function]}
        onKeyDown={[Function]}
        onKeyUp={[Function]}
        onMouseDown={[Function]}
        onMouseLeave={[Function]}
        onMouseUp={[Function]}
        onTouchEnd={[Function]}
        onTouchMove={[Function]}
        onTouchStart={[Function]}
        tabIndex={0}
        type="button"
      >
        <p
          className="MuiTypography-root MuiTypography-body1 css-3cwtjx-MuiTypography-root-BaseText"
        >
          Instructions
        </p>
      </button>
    </div>
  </div>
  <div
    className="css-1pi7uhp-SubmissionPackageList"
  >
    <span
      className="MuiCircularProgress-root MuiCircularProgress-indeterminate MuiCircularProgress-colorPrimary css-1ag5kwf-MuiCircularProgress-root"
      role="progressbar"
      style={
        Object {
          "height": 40,
          "width": 40,
        }
      }
    >
      <svg
        className="MuiCircularProgress-svg css-1idz92c-MuiCircularProgress-svg"
        viewBox="22 22 44 44"
      >
        <circle
          className="MuiCircularProgress-circle MuiCircularProgress-circleIndeterminate css-176wh8e-MuiCircularProgress-circle"
          cx={44}
          cy={44}
          fill="none"
          r={20.2}
          strokeWidth={3.6}
          style={Object {}}
        />
      </svg>
    </span>
  </div>
</div>
`;
