// Jest Snapshot v1, https://goo.gl/fbAQLP

exports[`ChangeInfoModal component test Should render correctly 1`] = `null`;
