// Jest Snapshot v1, https://goo.gl/fbAQLP

exports[`GenesView Should render correctly 1`] = `
<div
  className="css-xn17ji-BasePage"
>
  <p
    className="MuiTypography-root MuiTypography-body1 css-177n4ga-MuiTypography-root-BaseText"
  >
    Gene View
  </p>
  <div
    className="css-1y50k9a-AppPaper"
  >
    <div
      className="css-1a6j5wi-GenesView"
    >
      <div
        aria-owns={null}
        className="MuiAutocomplete-root MuiAutocomplete-hasPopupIcon css-16awh2u-MuiAutocomplete-root"
        data-testid="autocomplete"
        onClick={[Function]}
        onKeyDown={[Function]}
        onMouseDown={[Function]}
      >
        <div
          className="MuiFormControl-root MuiFormControl-fullWidth MuiTextField-root css-z2zmqk-MuiFormControl-root-MuiTextField-root"
        >
          <div
            className="MuiOutlinedInput-root MuiInputBase-root MuiInputBase-colorPrimary MuiInputBase-fullWidth MuiInputBase-formControl MuiInputBase-adornedEnd MuiAutocomplete-inputRoot css-154xyx0-MuiInputBase-root-MuiOutlinedInput-root"
            onClick={[Function]}
          >
            <input
              aria-activedescendant={null}
              aria-autocomplete="both"
              aria-expanded={false}
              aria-invalid={false}
              autoCapitalize="none"
              autoComplete="off"
              autoFocus={false}
              className="MuiOutlinedInput-input MuiInputBase-input MuiInputBase-inputAdornedEnd MuiAutocomplete-input MuiAutocomplete-inputFocused css-nxo287-MuiInputBase-input-MuiOutlinedInput-input"
              disabled={false}
              id=":r0:"
              onAnimationStart={[Function]}
              onBlur={[Function]}
              onChange={[Function]}
              onFocus={[Function]}
              onMouseDown={[Function]}
              placeholder="Search for gene..."
              readOnly={false}
              required={false}
              role="combobox"
              spellCheck="false"
              type="text"
              value=""
            />
            <div
              className="MuiAutocomplete-endAdornment css-1q60rmi-MuiAutocomplete-endAdornment"
            >
              <button
                aria-label="Open"
                className="MuiButtonBase-root MuiIconButton-root MuiIconButton-sizeMedium MuiAutocomplete-popupIndicator css-qzbt6i-MuiButtonBase-root-MuiIconButton-root-MuiAutocomplete-popupIndicator"
                disabled={false}
                onBlur={[Function]}
                onClick={[Function]}
                onContextMenu={[Function]}
                onDragLeave={[Function]}
                onFocus={[Function]}
                onKeyDown={[Function]}
                onKeyUp={[Function]}
                onMouseDown={[Function]}
                onMouseLeave={[Function]}
                onMouseUp={[Function]}
                onTouchEnd={[Function]}
                onTouchMove={[Function]}
                onTouchStart={[Function]}
                tabIndex={-1}
                title="Open"
                type="button"
              >
                <svg
                  aria-hidden={true}
                  className="MuiSvgIcon-root MuiSvgIcon-fontSizeMedium css-i4bv87-MuiSvgIcon-root"
                  data-testid="ArrowDropDownIcon"
                  focusable="false"
                  viewBox="0 0 24 24"
                >
                  <path
                    d="M7 10l5 5 5-5z"
                  />
                </svg>
              </button>
            </div>
            <fieldset
              aria-hidden={true}
              className="MuiOutlinedInput-notchedOutline css-1d3z3hw-MuiOutlinedInput-notchedOutline"
            >
              <legend
                className="css-hdw1oc"
              >
                <span
                  className="notranslate"
                >
                  â€‹
                </span>
              </legend>
            </fieldset>
          </div>
        </div>
      </div>
      <p
        className="MuiTypography-root MuiTypography-body1 css-m8wdzz-MuiTypography-root-BaseText"
      >
        Search Genes by Gene Symbol, NCBI ID or Locus Tag
      </p>
    </div>
  </div>
  <div
    className="css-1k0mzhl-GeneNotSelectedContent"
  >
    <div
      className="css-9j8ib4-AppPaper"
    >
      <div>
        <p
          className="MuiTypography-root MuiTypography-body1 css-5th3yp-MuiTypography-root-BaseText"
        >
          Most Searched
        </p>
      </div>
      <span
        className="MuiCircularProgress-root MuiCircularProgress-indeterminate MuiCircularProgress-colorPrimary css-1ag5kwf-MuiCircularProgress-root"
        role="progressbar"
        style={
          Object {
            "height": 40,
            "width": 40,
          }
        }
      >
        <svg
          className="MuiCircularProgress-svg css-1idz92c-MuiCircularProgress-svg"
          viewBox="22 22 44 44"
        >
          <circle
            className="MuiCircularProgress-circle MuiCircularProgress-circleIndeterminate css-176wh8e-MuiCircularProgress-circle"
            cx={44}
            cy={44}
            fill="none"
            r={20.2}
            strokeWidth={3.6}
            style={Object {}}
          />
        </svg>
      </span>
    </div>
    <div
      className="css-9j8ib4-AppPaper"
    >
      <div>
        <p
          className="MuiTypography-root MuiTypography-body1 css-5th3yp-MuiTypography-root-BaseText"
        >
          Recently Searched
        </p>
      </div>
      <span
        className="MuiCircularProgress-root MuiCircularProgress-indeterminate MuiCircularProgress-colorPrimary css-1ag5kwf-MuiCircularProgress-root"
        role="progressbar"
        style={
          Object {
            "height": 40,
            "width": 40,
          }
        }
      >
        <svg
          className="MuiCircularProgress-svg css-1idz92c-MuiCircularProgress-svg"
          viewBox="22 22 44 44"
        >
          <circle
            className="MuiCircularProgress-circle MuiCircularProgress-circleIndeterminate css-176wh8e-MuiCircularProgress-circle"
            cx={44}
            cy={44}
            fill="none"
            r={20.2}
            strokeWidth={3.6}
            style={Object {}}
          />
        </svg>
      </span>
    </div>
  </div>
</div>
`;
