// Jest Snapshot v1, https://goo.gl/fbAQLP

exports[`VerificationBadge component test Should render correctly 1`] = `
<div
  className="css-u2azet-VerificationBadge"
>
   
</div>
`;
