// Jest Snapshot v1, https://goo.gl/fbAQLP

exports[`AppPaper component test Should render correctly 1`] = `
<div
  className="css-1y50k9a-AppPaper"
>
  Mock
</div>
`;
