// Jest Snapshot v1, https://goo.gl/fbAQLP

exports[`SecondaryText component test Should render correctly 1`] = `
<p
  className="MuiTypography-root MuiTypography-body1 css-vtlwgn-MuiTypography-root-BaseText"
>
  mockText
</p>
`;
