// Jest Snapshot v1, https://goo.gl/fbAQLP

exports[`DataSubmissionSampleRow component test Should render correctly 1`] = `
<div
  className="css-10zynoi-DataSubmissionSampleRow"
>
  <div
    className="css-yb5sry-DataSubmissionSampleRow"
  >
    <svg
      aria-hidden={true}
      className="MuiSvgIcon-root MuiSvgIcon-fontSizeMedium css-2rraxu-MuiSvgIcon-root"
      data-testid="DoneIcon"
      focusable="false"
      viewBox="0 0 24 24"
    >
      <path
        d="M9 16.2 4.8 12l-1.4 1.4L9 19 21 7l-1.4-1.4L9 16.2z"
      />
    </svg>
    <div
      className="css-1cp60dy-DataSubmissionSampleRow"
    >
      <div>
        <p
          className="MuiTypography-root MuiTypography-body1 css-vtlwgn-MuiTypography-root-BaseText"
        >
          mockTitle
        </p>
      </div>
      <div>
        <p
          className="MuiTypography-root MuiTypography-body1 css-1y45chy-MuiTypography-root-BaseText"
        >
          mockDescription
        </p>
      </div>
    </div>
    <div
      className="css-1xzex0e-DataSubmissionSampleRow"
    >
      <button
        className="MuiButtonBase-root MuiIconButton-root MuiIconButton-sizeMedium css-78trlr-MuiButtonBase-root-MuiIconButton-root"
        data-testid="remove-btn"
        disabled={false}
        onBlur={[Function]}
        onClick={[MockFunction]}
        onContextMenu={[Function]}
        onDragLeave={[Function]}
        onFocus={[Function]}
        onKeyDown={[Function]}
        onKeyUp={[Function]}
        onMouseDown={[Function]}
        onMouseLeave={[Function]}
        onMouseUp={[Function]}
        onTouchEnd={[Function]}
        onTouchMove={[Function]}
        onTouchStart={[Function]}
        tabIndex={0}
        type="button"
      >
        <svg
          aria-hidden={true}
          className="MuiSvgIcon-root MuiSvgIcon-fontSizeMedium css-2rraxu-MuiSvgIcon-root"
          data-testid="CloseIcon"
          focusable="false"
          viewBox="0 0 24 24"
        >
          <path
            d="M19 6.41 17.59 5 12 10.59 6.41 5 5 6.41 10.59 12 5 17.59 6.41 19 12 13.41 17.59 19 19 17.59 13.41 12z"
          />
        </svg>
      </button>
    </div>
  </div>
</div>
`;
