// Jest Snapshot v1, https://goo.gl/fbAQLP

exports[`EditSampleNameModal component test Should render correctly 1`] = `null`;
