// Jest Snapshot v1, https://goo.gl/fbAQLP

exports[`BaseText component test Should render correctly 1`] = `
<p
  className="MuiTypography-root MuiTypography-body1 css-6fgqb8-MuiTypography-root-BaseText"
>
  mockText
</p>
`;
