// Jest Snapshot v1, https://goo.gl/fbAQLP

exports[`RangeSlider component test Should render correctly 1`] = `
<div
  className="MuiBox-root css-1i3w57z"
>
  <span
    className="MuiSlider-colorPrimary MuiSlider-sizeMedium MuiSlider-root MuiSlider-marked css-1n2xew1-MuiSlider-root"
    onMouseDown={[Function]}
  >
    <span
      className="MuiSlider-rail css-14pt78w-MuiSlider-rail"
    />
    <span
      className="MuiSlider-track css-1gv0vcd-MuiSlider-track"
      style={
        Object {
          "left": "0%",
          "width": "100%",
        }
      }
    />
    <span
      className="MuiSlider-mark MuiSlider-markActive css-6cwnna-MuiSlider-mark"
      data-index={0}
      style={
        Object {
          "left": "0%",
        }
      }
    />
    <span
      aria-hidden={true}
      className="MuiSlider-markLabel MuiSlider-markLabelActive css-1eoe787-MuiSlider-markLabel"
      data-index={0}
      style={
        Object {
          "left": "0%",
        }
      }
    >
      0
    </span>
    <span
      className="MuiSlider-mark MuiSlider-markActive css-6cwnna-MuiSlider-mark"
      data-index={1}
      style={
        Object {
          "left": "100%",
        }
      }
    />
    <span
      aria-hidden={true}
      className="MuiSlider-markLabel MuiSlider-markLabelActive css-1eoe787-MuiSlider-markLabel"
      data-index={1}
      style={
        Object {
          "left": "100%",
        }
      }
    >
      100
    </span>
    <span
      className="MuiSlider-thumbColorPrimary MuiSlider-thumbSizeMedium MuiSlider-thumb css-eg0mwd-MuiSlider-thumb"
      data-index={0}
      onMouseLeave={[Function]}
      onMouseOver={[Function]}
      style={
        Object {
          "left": "0%",
          "pointerEvents": "none",
        }
      }
    >
      <input
        aria-orientation="horizontal"
        aria-valuemax={100}
        aria-valuemin={0}
        aria-valuenow={0}
        data-index={0}
        disabled={false}
        max={100}
        min={0}
        onBlur={[Function]}
        onChange={[Function]}
        onFocus={[Function]}
        step={1}
        style={
          Object {
            "border": 0,
            "clip": "rect(0 0 0 0)",
            "direction": "ltr",
            "height": "100%",
            "margin": -1,
            "overflow": "hidden",
            "padding": 0,
            "position": "absolute",
            "whiteSpace": "nowrap",
            "width": "100%",
          }
        }
        type="range"
        value={0}
      />
      <span
        aria-hidden={true}
        className="MuiSlider-valueLabel css-1kz0hui-MuiSlider-valueLabel"
      >
        <span
          className="MuiSlider-valueLabelCircle"
        >
          <span
            className="MuiSlider-valueLabelLabel"
          >
            0
          </span>
        </span>
      </span>
    </span>
    <span
      className="MuiSlider-thumbColorPrimary MuiSlider-thumbSizeMedium MuiSlider-thumb css-eg0mwd-MuiSlider-thumb"
      data-index={1}
      onMouseLeave={[Function]}
      onMouseOver={[Function]}
      style={
        Object {
          "left": "100%",
          "pointerEvents": "none",
        }
      }
    >
      <input
        aria-orientation="horizontal"
        aria-valuemax={100}
        aria-valuemin={0}
        aria-valuenow={100}
        data-index={1}
        disabled={false}
        max={100}
        min={0}
        onBlur={[Function]}
        onChange={[Function]}
        onFocus={[Function]}
        step={1}
        style={
          Object {
            "border": 0,
            "clip": "rect(0 0 0 0)",
            "direction": "ltr",
            "height": "100%",
            "margin": -1,
            "overflow": "hidden",
            "padding": 0,
            "position": "absolute",
            "whiteSpace": "nowrap",
            "width": "100%",
          }
        }
        type="range"
        value={100}
      />
      <span
        aria-hidden={true}
        className="MuiSlider-valueLabel css-1kz0hui-MuiSlider-valueLabel"
      >
        <span
          className="MuiSlider-valueLabelCircle"
        >
          <span
            className="MuiSlider-valueLabelLabel"
          >
            100
          </span>
        </span>
      </span>
    </span>
  </span>
  <div
    className="css-xm0t2p-PresetArea"
  >
    <button
      className="css-1oh0tch-PresetArea"
      onClick={[Function]}
      type="button"
    >
      Last year
    </button>
    <button
      className="css-1oh0tch-PresetArea"
      onClick={[Function]}
      type="button"
    >
      Last 2 years
    </button>
    <button
      className="css-1oh0tch-PresetArea"
      onClick={[Function]}
      type="button"
    >
      Last 3 years
    </button>
    <button
      className="css-1oh0tch-PresetArea"
      onClick={[Function]}
      type="button"
    >
      Last 5 years
    </button>
    <button
      className="css-1oh0tch-PresetArea"
      onClick={[Function]}
      type="button"
    >
      Last Decade
    </button>
  </div>
  <button
    className="MuiButton-root MuiButton-contained MuiButton-containedPrimary MuiButton-sizeMedium MuiButton-containedSizeMedium MuiButton-disableElevation MuiButtonBase-root css-1ve9vu2-MuiButtonBase-root-MuiButton-root-AppButton"
    disabled={false}
    onBlur={[Function]}
    onClick={[Function]}
    onContextMenu={[Function]}
    onDragLeave={[Function]}
    onFocus={[Function]}
    onKeyDown={[Function]}
    onKeyUp={[Function]}
    onMouseDown={[Function]}
    onMouseLeave={[Function]}
    onMouseUp={[Function]}
    onTouchEnd={[Function]}
    onTouchMove={[Function]}
    onTouchStart={[Function]}
    tabIndex={0}
    type="button"
  >
    <p
      className="MuiTypography-root MuiTypography-body1 css-3cwtjx-MuiTypography-root-BaseText"
    >
      Submit
    </p>
  </button>
</div>
`;
