// Jest Snapshot v1, https://goo.gl/fbAQLP

exports[`DrugsDataset Should render correctly 1`] = `
<div
  className="css-dxqlm-DrugsDataset"
>
  <div
    className="css-1628001-DrugsDataset"
  >
    <p
      className="MuiTypography-root MuiTypography-body1 css-15lj30p-MuiTypography-root-BaseText"
    >
      Download data
    </p>
    <div
      className="css-98h9wr-DrugsDataset"
    >
      <p
        className="MuiTypography-root MuiTypography-body1 css-vtlwgn-MuiTypography-root-BaseText"
      >
        Please find below for each drug the updated allele counts and frequencies for related genes. The counts will reflect the current state of the database as new samples are added, and will be identical to those shown in the different interactive views of TBKB.
      </p>
      <a
        className="css-h7lobx-DrugsDataset"
        download="tbkb-dataset-2023-04-21"
        href="data:text/csv;charset=utf-8,ï»¿"
        onClick={[Function]}
        target="_self"
      />
      <button
        className="MuiButton-root MuiButton-contained MuiButton-containedPrimary MuiButton-sizeMedium MuiButton-containedSizeMedium MuiButton-disableElevation MuiButtonBase-root css-1ve9vu2-MuiButtonBase-root-MuiButton-root-AppButton"
        disabled={false}
        onBlur={[Function]}
        onClick={[Function]}
        onContextMenu={[Function]}
        onDragLeave={[Function]}
        onFocus={[Function]}
        onKeyDown={[Function]}
        onKeyUp={[Function]}
        onMouseDown={[Function]}
        onMouseLeave={[Function]}
        onMouseUp={[Function]}
        onTouchEnd={[Function]}
        onTouchMove={[Function]}
        onTouchStart={[Function]}
        tabIndex={0}
        type="button"
      >
        <span
          className="MuiButton-startIcon MuiButton-iconSizeMedium css-1d6wzja-MuiButton-startIcon"
        >
          <span
            aria-hidden={true}
            className="material-icons notranslate MuiIcon-root MuiIcon-fontSizeMedium css-kp9ftd-MuiIcon-root"
          >
            file_download
          </span>
        </span>
        <p
          className="MuiTypography-root MuiTypography-body1 css-3cwtjx-MuiTypography-root-BaseText"
        >
          Download Dataset
        </p>
      </button>
    </div>
  </div>
  <div
    className="css-xxefzu-DrugsDataset"
  >
    <div
      className="css-1c1h8c7-DrugsDataset"
    >
      <p
        className="MuiTypography-root MuiTypography-body1 css-5th3yp-MuiTypography-root-BaseText"
      >
        Drugs
      </p>
      <span
        className="css-1dy1e9u-DrugsDataset"
        onClick={[Function]}
        role="none"
      >
        Select All
      </span>
      <span
        className="css-1p35x0h-DrugsDataset"
        onClick={[Function]}
        role="none"
      >
        Unselect All
      </span>
    </div>
    <div
      className="css-1oc9pf2-DrugsDataset"
    >
      <label
        className="MuiFormControlLabel-root MuiFormControlLabel-labelPlacementEnd css-j204z7-MuiFormControlLabel-root"
      >
        <span
          className="MuiCheckbox-root MuiCheckbox-colorPrimary MuiButtonBase-root MuiCheckbox-root MuiCheckbox-colorPrimary PrivateSwitchBase-root css-cqwuvp-MuiButtonBase-root-MuiCheckbox-root-DrugsDataset"
          onBlur={[Function]}
          onContextMenu={[Function]}
          onDragLeave={[Function]}
          onFocus={[Function]}
          onKeyDown={[Function]}
          onKeyUp={[Function]}
          onMouseDown={[Function]}
          onMouseLeave={[Function]}
          onMouseUp={[Function]}
          onTouchEnd={[Function]}
          onTouchMove={[Function]}
          onTouchStart={[Function]}
          tabIndex={null}
        >
          <input
            checked={false}
            className="PrivateSwitchBase-input css-1m9pwf3"
            data-indeterminate={false}
            disabled={false}
            onChange={[Function]}
            type="checkbox"
            value="end"
          />
          <svg
            aria-hidden={true}
            className="MuiSvgIcon-root MuiSvgIcon-fontSizeMedium css-i4bv87-MuiSvgIcon-root"
            data-testid="CheckBoxOutlineBlankIcon"
            focusable="false"
            viewBox="0 0 24 24"
          >
            <path
              d="M19 5v14H5V5h14m0-2H5c-1.1 0-2 .9-2 2v14c0 1.1.9 2 2 2h14c1.1 0 2-.9 2-2V5c0-1.1-.9-2-2-2z"
            />
          </svg>
        </span>
        <span
          className="MuiTypography-root MuiTypography-body1 MuiFormControlLabel-label css-ahj2mt-MuiTypography-root"
        >
          Isoniazid
        </span>
      </label>
      <label
        className="MuiFormControlLabel-root MuiFormControlLabel-labelPlacementEnd css-j204z7-MuiFormControlLabel-root"
      >
        <span
          className="MuiCheckbox-root MuiCheckbox-colorPrimary MuiButtonBase-root MuiCheckbox-root MuiCheckbox-colorPrimary PrivateSwitchBase-root css-cqwuvp-MuiButtonBase-root-MuiCheckbox-root-DrugsDataset"
          onBlur={[Function]}
          onContextMenu={[Function]}
          onDragLeave={[Function]}
          onFocus={[Function]}
          onKeyDown={[Function]}
          onKeyUp={[Function]}
          onMouseDown={[Function]}
          onMouseLeave={[Function]}
          onMouseUp={[Function]}
          onTouchEnd={[Function]}
          onTouchMove={[Function]}
          onTouchStart={[Function]}
          tabIndex={null}
        >
          <input
            checked={false}
            className="PrivateSwitchBase-input css-1m9pwf3"
            data-indeterminate={false}
            disabled={false}
            onChange={[Function]}
            type="checkbox"
            value="end"
          />
          <svg
            aria-hidden={true}
            className="MuiSvgIcon-root MuiSvgIcon-fontSizeMedium css-i4bv87-MuiSvgIcon-root"
            data-testid="CheckBoxOutlineBlankIcon"
            focusable="false"
            viewBox="0 0 24 24"
          >
            <path
              d="M19 5v14H5V5h14m0-2H5c-1.1 0-2 .9-2 2v14c0 1.1.9 2 2 2h14c1.1 0 2-.9 2-2V5c0-1.1-.9-2-2-2z"
            />
          </svg>
        </span>
        <span
          className="MuiTypography-root MuiTypography-body1 MuiFormControlLabel-label css-ahj2mt-MuiTypography-root"
        >
          Rifampicin
        </span>
      </label>
      <label
        className="MuiFormControlLabel-root MuiFormControlLabel-labelPlacementEnd css-j204z7-MuiFormControlLabel-root"
      >
        <span
          className="MuiCheckbox-root MuiCheckbox-colorPrimary MuiButtonBase-root MuiCheckbox-root MuiCheckbox-colorPrimary PrivateSwitchBase-root css-cqwuvp-MuiButtonBase-root-MuiCheckbox-root-DrugsDataset"
          onBlur={[Function]}
          onContextMenu={[Function]}
          onDragLeave={[Function]}
          onFocus={[Function]}
          onKeyDown={[Function]}
          onKeyUp={[Function]}
          onMouseDown={[Function]}
          onMouseLeave={[Function]}
          onMouseUp={[Function]}
          onTouchEnd={[Function]}
          onTouchMove={[Function]}
          onTouchStart={[Function]}
          tabIndex={null}
        >
          <input
            checked={false}
            className="PrivateSwitchBase-input css-1m9pwf3"
            data-indeterminate={false}
            disabled={false}
            onChange={[Function]}
            type="checkbox"
            value="end"
          />
          <svg
            aria-hidden={true}
            className="MuiSvgIcon-root MuiSvgIcon-fontSizeMedium css-i4bv87-MuiSvgIcon-root"
            data-testid="CheckBoxOutlineBlankIcon"
            focusable="false"
            viewBox="0 0 24 24"
          >
            <path
              d="M19 5v14H5V5h14m0-2H5c-1.1 0-2 .9-2 2v14c0 1.1.9 2 2 2h14c1.1 0 2-.9 2-2V5c0-1.1-.9-2-2-2z"
            />
          </svg>
        </span>
        <span
          className="MuiTypography-root MuiTypography-body1 MuiFormControlLabel-label css-ahj2mt-MuiTypography-root"
        >
          Streptomycin
        </span>
      </label>
      <label
        className="MuiFormControlLabel-root MuiFormControlLabel-labelPlacementEnd css-j204z7-MuiFormControlLabel-root"
      >
        <span
          className="MuiCheckbox-root MuiCheckbox-colorPrimary MuiButtonBase-root MuiCheckbox-root MuiCheckbox-colorPrimary PrivateSwitchBase-root css-cqwuvp-MuiButtonBase-root-MuiCheckbox-root-DrugsDataset"
          onBlur={[Function]}
          onContextMenu={[Function]}
          onDragLeave={[Function]}
          onFocus={[Function]}
          onKeyDown={[Function]}
          onKeyUp={[Function]}
          onMouseDown={[Function]}
          onMouseLeave={[Function]}
          onMouseUp={[Function]}
          onTouchEnd={[Function]}
          onTouchMove={[Function]}
          onTouchStart={[Function]}
          tabIndex={null}
        >
          <input
            checked={false}
            className="PrivateSwitchBase-input css-1m9pwf3"
            data-indeterminate={false}
            disabled={false}
            onChange={[Function]}
            type="checkbox"
            value="end"
          />
          <svg
            aria-hidden={true}
            className="MuiSvgIcon-root MuiSvgIcon-fontSizeMedium css-i4bv87-MuiSvgIcon-root"
            data-testid="CheckBoxOutlineBlankIcon"
            focusable="false"
            viewBox="0 0 24 24"
          >
            <path
              d="M19 5v14H5V5h14m0-2H5c-1.1 0-2 .9-2 2v14c0 1.1.9 2 2 2h14c1.1 0 2-.9 2-2V5c0-1.1-.9-2-2-2z"
            />
          </svg>
        </span>
        <span
          className="MuiTypography-root MuiTypography-body1 MuiFormControlLabel-label css-ahj2mt-MuiTypography-root"
        >
          Ethambutol
        </span>
      </label>
      <label
        className="MuiFormControlLabel-root MuiFormControlLabel-labelPlacementEnd css-j204z7-MuiFormControlLabel-root"
      >
        <span
          className="MuiCheckbox-root MuiCheckbox-colorPrimary MuiButtonBase-root MuiCheckbox-root MuiCheckbox-colorPrimary PrivateSwitchBase-root css-cqwuvp-MuiButtonBase-root-MuiCheckbox-root-DrugsDataset"
          onBlur={[Function]}
          onContextMenu={[Function]}
          onDragLeave={[Function]}
          onFocus={[Function]}
          onKeyDown={[Function]}
          onKeyUp={[Function]}
          onMouseDown={[Function]}
          onMouseLeave={[Function]}
          onMouseUp={[Function]}
          onTouchEnd={[Function]}
          onTouchMove={[Function]}
          onTouchStart={[Function]}
          tabIndex={null}
        >
          <input
            checked={false}
            className="PrivateSwitchBase-input css-1m9pwf3"
            data-indeterminate={false}
            disabled={false}
            onChange={[Function]}
            type="checkbox"
            value="end"
          />
          <svg
            aria-hidden={true}
            className="MuiSvgIcon-root MuiSvgIcon-fontSizeMedium css-i4bv87-MuiSvgIcon-root"
            data-testid="CheckBoxOutlineBlankIcon"
            focusable="false"
            viewBox="0 0 24 24"
          >
            <path
              d="M19 5v14H5V5h14m0-2H5c-1.1 0-2 .9-2 2v14c0 1.1.9 2 2 2h14c1.1 0 2-.9 2-2V5c0-1.1-.9-2-2-2z"
            />
          </svg>
        </span>
        <span
          className="MuiTypography-root MuiTypography-body1 MuiFormControlLabel-label css-ahj2mt-MuiTypography-root"
        >
          Capreomycin
        </span>
      </label>
    </div>
  </div>
</div>
`;
