// Jest Snapshot v1, https://goo.gl/fbAQLP

exports[`AuthButton component test Should render correctly 1`] = `
<div
  className="css-1y2xnzi-AuthButton"
>
  <button
    className="MuiButton-root MuiButton-text MuiButton-textPrimary MuiButton-sizeMedium MuiButton-textSizeMedium MuiButtonBase-root css-1onmchy-MuiButtonBase-root-MuiButton-root-AuthButton"
    disabled={false}
    onBlur={[Function]}
    onClick={[MockFunction]}
    onContextMenu={[Function]}
    onDragLeave={[Function]}
    onFocus={[Function]}
    onKeyDown={[Function]}
    onKeyUp={[Function]}
    onMouseDown={[Function]}
    onMouseLeave={[Function]}
    onMouseUp={[Function]}
    onTouchEnd={[Function]}
    onTouchMove={[Function]}
    onTouchStart={[Function]}
    tabIndex={0}
    type="button"
  >
    <span
      className="MuiButton-startIcon MuiButton-iconSizeMedium css-1d6wzja-MuiButton-startIcon"
    >
      <span
        className="css-9rttau-AuthButton"
      >
        <svg
          aria-hidden={true}
          className="MuiSvgIcon-root MuiSvgIcon-fontSizeMedium css-1083c97-MuiSvgIcon-root"
          data-testid="AccountBoxIcon"
          focusable="false"
          viewBox="0 0 24 24"
        >
          <path
            d="M3 5v14c0 1.1.89 2 2 2h14c1.1 0 2-.9 2-2V5c0-1.1-.9-2-2-2H5c-1.11 0-2 .9-2 2zm12 4c0 1.66-1.34 3-3 3s-3-1.34-3-3 1.34-3 3-3 3 1.34 3 3zm-9 8c0-2 4-3.1 6-3.1s6 1.1 6 3.1v1H6v-1z"
          />
        </svg>
      </span>
    </span>
    mock
  </button>
  <div
    className="css-112tdqe-FakeBorderBottom"
  />
</div>
`;
