// Jest Snapshot v1, https://goo.gl/fbAQLP

exports[`PackagePage component test Should render correctly 1`] = `null`;
