// Jest Snapshot v1, https://goo.gl/fbAQLP

exports[`AccountDetails component test Should render correctly 1`] = `null`;
