// Jest Snapshot v1, https://goo.gl/fbAQLP

exports[`SubmissionPackageUserInfo component test Should render correctly 1`] = `null`;
